File "_none_", line 1, characters -1--1: rec_set : Set
File "_none_", line 1, characters -1--1: alias : Set
File "_none_", line 1, characters -1--1: unknown_app : Any
File "_none_", line 1, characters -1--1: match_set_mixed : Any
File "_none_", line 1, characters -1--1: match_set_rel : Rel
File "_none_", line 1, characters -1--1: match_set_expr : Set
File "_none_", line 1, characters -1--1: helper_set_app : Set
File "_none_", line 1, characters -1--1: helper_app : Rel
File "_none_", line 1, characters -1--1: explicit_set : Any
File "_none_", line 1, characters -1--1: domain_rel : Set
File "_none_", line 1, characters -1--1: range_rel : Set
File "_none_", line 1, characters -1--1: unknown_primitive : Any
File "_none_", line 1, characters -1--1: bad_toid : Any
File "_none_", line 1, characters -1--1: mixed_union : Any
File "_none_", line 1, characters -1--1: mixed_seq : Any
File "_none_", line 1, characters -1--1: cartesian : Rel
File "_none_", line 1, characters -1--1: toid_set : Rel
File "_none_", line 1, characters -1--1: rel_inv : Rel
File "_none_", line 1, characters -1--1: rel_plus : Rel
File "_none_", line 1, characters -1--1: rel_seq : Rel
File "_none_", line 1, characters -1--1: set_diff : Set
File "_none_", line 1, characters -1--1: set_inter : Set
File "_none_", line 1, characters -1--1: set_union : Set
File "_none_", line 1, characters -1--1: rel_empty : Rel
File "_none_", line 1, characters -1--1: set_empty : Set
File "_none_", line 1, characters -1--1: rel_prim : Rel
File "_none_", line 1, characters -1--1: set_prim : Set
