{1, 3} union [2,3] = [1,3]
{4} union [5,+inf) = [4,+inf)
[2,4] union [5,+inf) = [2,+inf)
{6} union (-inf,5] = (-inf,6]
[0,+inf) union (-inf,-1] = Z
{2} union [5,+inf) = {2} U [5,+inf)
{8} union (-inf,5] = (-inf,5] U {8}
[5,+inf) union (-inf,3] = (-inf,3] U [5,+inf)
[0,+inf) intersection (-inf,2] = [0,2]
[1,3] diff {2} = {1, 3}
[0,+inf) diff [3,+inf) = [0,2]
[0,+inf) diff [0,2] = [3,+inf)
(-inf,5] diff [3,5] = (-inf,2]
Z diff {0} = (-inf,-1] U [1,+inf)
[0,+inf) diff {2} = [0,1] U [3,+inf)
(-inf,5] diff {3} = (-inf,2] U [4,5]
inverse {-2, 0, 3} = {-3, 0, 2}
inverse [3,+inf) = (-inf,-3]
{2, 4} plus [3,+inf) = [5,+inf)
[0,+inf) plus (-inf,0] = Z
of_list [(1,2,{})] = {}
of_list [(2,3,{0}); (2,3,{1})] = {(2,3,[0,1])}
to_list roundtrip = true
{(1,2,{0})} union {(2,3,{1})} = {(1,2,{0}); (2,3,{1})}
{(1,2,{0})} intersection {(1,2,{1})} = {}
{(1,2,[0,1])} intersection {(1,2,[1,2])} = {(1,2,{1})}
{(1,2,{0})} diff {(1,2,{0})} = {}
{(1,2,[0,1])} diff {(1,2,{1})} = {(1,2,{0})}
inverse {(1,2,{0}); (2,3,{1})} = {(2,1,{0}); (3,2,{-1})}
{(1,2,{0}); (2,3,{0})} sequence {(2,3,{1}); (3,4,{1})} = {(1,3,{1}); (2,4,{1})}
transitive_closure {} = {}
transitive_closure {(1,2,{0}); (2,3,{0})} = {(1,2,{0}); (1,3,{0}); (2,3,{0})}
transitive_closure {(1,2,{1}); (2,3,{2})} = {(1,2,{1}); (1,3,{3}); (2,3,{2})}
transitive_closure {(1,2,{1}); (1,3,{2}); (2,4,{1}); (3,4,{2})} = {(1,2,{1}); (1,3,{2}); (1,4,{2, 4}); (2,4,{1}); (3,4,{2})}
transitive_closure {(1,1,{1})} = None
transitive_closure {(1,1,{-1})} = None
transitive_closure {(1,2,{1}); (2,1,{1}); (3,4,{1})} = None
restricted of_list = {(0,1,[1,2]); (0,2,{0}); (1,2,[-2,-1]); (1,3,[-1,1])}
impossible edge = {}
restricted cartesian = {(0,2,{0}); (0,3,[1,+inf)); (1,2,(-inf,-1]); (1,3,Z)}
restricted sequence = {(0,2,{0})}
restricted transitive_closure = {(0,1,[1,+inf)); (0,2,{0}); (1,2,(-inf,-1])}
adapter positive self acyclic = true
adapter zero self irreflexive = false
adapter zero cycle acyclic = false
adapter empty domain = true
adapter empty codomain = true
adapter restrict_domain = {(0,1,[1,+inf)); (0,3,[1,+inf))}
adapter restrict_codomain = {(0,1,[1,+inf)); (2,1,[1,+inf))}
adapter restrict_codomain_to_set = {(0,1,[1,+inf)); (2,1,[1,+inf))}
adapter restrict_domains = {(0,1,[1,+inf))}
adapter restrict_domains_to_sets = {(0,1,[1,+inf))}
adapter zero all_topos = true
adapter infinite-edge all_topos rejected = true
adapter infinite-node all_topos rejected = true
adapter outside-infinite-edge all_topos rejected = true
adapter zero compare = 0
adapter nonzero compare = true
adapter restrict_domain_transitive_closure = {(0,2,{0}); (0,4,{0})}
